src/components/RoomLobby.tsx(1,27): error TS6133: 'useEffect' is declared but its value is never read.
src/components/RoomLobby.tsx(3,21): error TS6133: 'UserPlus' is declared but its value is never read.
src/core/TaiCalculator.ts(1,10): error TS1484: 'Tile' is a type and must be imported using a type-only import when 'verbatimModuleSyntax' is enabled.
src/core/TaiCalculator.ts(1,16): error TS1484: 'Meld' is a type and must be imported using a type-only import when 'verbatimModuleSyntax' is enabled.
src/core/TaiCalculator.ts(1,22): error TS1484: 'Player' is a type and must be imported using a type-only import when 'verbatimModuleSyntax' is enabled.
src/core/TaiCalculator.ts(1,30): error TS1484: 'Wind' is a type and must be imported using a type-only import when 'verbatimModuleSyntax' is enabled.
src/core/TaiCalculator.ts(1,36): error TS1484: 'Dragon' is a type and must be imported using a type-only import when 'verbatimModuleSyntax' is enabled.
src/core/TaiCalculator.ts(1,36): error TS6133: 'Dragon' is declared but its value is never read.
src/core/TaiCalculator.ts(2,10): error TS1484: 'WinResult' is a type and must be imported using a type-only import when 'verbatimModuleSyntax' is enabled.
src/core/TaiCalculator.ts(70,13): error TS6133: 'isAllTriplets' is declared but its value is never read.
src/core/TaiCalculator.ts(122,41): error TS2367: This comparison appears to be unintentional because the types '4' and '5' have no overlap.
src/core/TaiCalculator.ts(136,41): error TS2367: This comparison appears to be unintentional because the types '3' and '4' have no overlap.
src/core/TaiCalculator.ts(136,69): error TS2367: This comparison appears to be unintentional because the types '3' and '5' have no overlap.
src/core/WinValidator.ts(1,10): error TS1484: 'Tile' is a type and must be imported using a type-only import when 'verbatimModuleSyntax' is enabled.
src/core/WinValidator.ts(1,16): error TS1484: 'Meld' is a type and must be imported using a type-only import when 'verbatimModuleSyntax' is enabled.
src/core/WinValidator.ts(1,22): error TS1484: 'Suit' is a type and must be imported using a type-only import when 'verbatimModuleSyntax' is enabled.
src/core/WinValidator.ts(1,22): error TS6133: 'Suit' is declared but its value is never read.
src/core/WinValidator.ts(1,28): error TS1484: 'Wind' is a type and must be imported using a type-only import when 'verbatimModuleSyntax' is enabled.
src/core/WinValidator.ts(1,28): error TS6133: 'Wind' is declared but its value is never read.
src/core/WinValidator.ts(1,34): error TS1484: 'Dragon' is a type and must be imported using a type-only import when 'verbatimModuleSyntax' is enabled.
src/core/WinValidator.ts(1,34): error TS6133: 'Dragon' is declared but its value is never read.
